******************************************************************************
                  TI ARM Linker PC v16.9.4                     
******************************************************************************
>> Linked Wed Dec 13 11:03:57 2017

OUTPUT FILE NAME:   <freertos_demo.out>
ENTRY POINT SYMBOL: "_c_int00"  address: 000017dd


MEMORY CONFIGURATION

         name            origin    length      used     unused   attr    fill
----------------------  --------  ---------  --------  --------  ----  --------
  FLASH                 00000000   00040000  00001f56  0003e0aa  R  X
  SRAM                  20000000   00008000  00007954  000006ac  RW X


SEGMENT ALLOCATION MAP

run origin  load origin   length   init length attrs members
----------  ----------- ---------- ----------- ----- -------
00000000    00000000    00001f58   00001f58    r-x
  00000000    00000000    0000026c   0000026c    r-- .intvecs
  0000026c    0000026c    00001c8e   00001c8e    r-x .text
  00001efc    00001efc    0000001c   0000001c    r-- .const
  00001f18    00001f18    00000040   00000040    r-- .cinit
20000000    20000000    00007954   00000000    rw-
  20000000    20000000    000076f8   00000000    rw- .bss
  200076f8    200076f8    00000200   00000000    rw- .stack
  200078f8    200078f8    0000005c   00000000    rw- .data


SECTION ALLOCATION MAP

 output                                  attributes/
section   page    origin      length       input sections
--------  ----  ----------  ----------   ----------------
.intvecs   0    00000000    0000026c     
                  00000000    0000026c     tm4c123gh6pm_startup_ccs.obj (.intvecs)

.text      0    0000026c    00001c8e     
                  0000026c    00000254     Task_Temperatura.obj (.text:TempTask)
                  000004c0    000001ea     uartstdio.obj (.text:UARTvprintf)
                  000006aa    00000002     tm4c123gh6pm_startup_ccs.obj (.text:FaultISR)
                  000006ac    00000154     Serial_Task.obj (.text:SerialTask)
                  00000800    00000118     queue.obj (.text:xQueueGenericReceive)
                  00000918    00000104     tasks.obj (.text:xTaskGenericCreate)
                  00000a1c    00000104     tasks.obj (.text:xTaskIncrementTick)
                  00000b20    000000e8     queue.obj (.text:xQueueGenericSend)
                  00000c08    000000e4     tasks.obj (.text:xTaskResumeAll)
                  00000cec    000000d2     portasm.obj (.text)
                  00000dbe    00000002     tm4c123gh6pm_startup_ccs.obj (.text:IntDefaultHandler)
                  00000dc0    000000ac     heap_2.obj (.text:pvPortMalloc)
                  00000e6c    0000009c     rtsv7M4_T_le_v4SPD16_eabi.lib : memcpy_t2.obj (.text)
                  00000f08    00000094     tasks.obj (.text:vTaskPriorityInherit)
                  00000f9c    00000090     Task_Flash.obj (.text:FlashTask)
                  0000102c    0000008c     tasks.obj (.text:vTaskSwitchContext)
                  000010b8    00000084     tasks.obj (.text:vTaskDelayUntil)
                  0000113c    00000084     queue.obj (.text:xQueueGenericReset)
                  000011c0    0000007c     tasks.obj (.text:xTaskPriorityDisinherit)
                  0000123c    0000007a     rtsv7M4_T_le_v4SPD16_eabi.lib : memset_t2.obj (.text)
                  000012b6    00000002     tm4c123gh6pm_startup_ccs.obj (.text:NmiSR)
                  000012b8    00000074     tasks.obj (.text:xTaskRemoveFromEventList)
                  0000132c    00000072     queue.obj (.text:prvCopyDataToQueue)
                  0000139e    00000002     rtsv7M4_T_le_v4SPD16_eabi.lib : i_div0.obj (.text)
                  000013a0    00000070                                   : autoinit.obj (.text)
                  00001410    0000006c     main.obj (.text:main)
                  0000147c    00000068     rtsv7M4_T_le_v4SPD16_eabi.lib : copy_decompress_lzss.obj (.text:decompress:lzss)
                  000014e4    00000064     main.obj (.text:ConfigureUART)
                  00001548    00000064     tasks.obj (.text:vTaskPlaceOnEventList)
                  000015ac    00000062     queue.obj (.text:prvUnlockQueue)
                  0000160e    00000002     rtsv7M4_T_le_v4SPD16_eabi.lib : mpu_init.obj (.text)
                  00001610    00000060     uartstdio.obj (.text:UARTStdioConfig)
                  00001670    00000060     tasks.obj (.text:prvInitialiseTaskLists)
                  000016d0    00000060     tasks.obj (.text:vTaskStartScheduler)
                  00001730    00000058     tasks.obj (.text:prvCheckTasksWaitingTermination)
                  00001788    00000054     tasks.obj (.text:prvInitialiseTCBVariables)
                  000017dc    00000054     rtsv7M4_T_le_v4SPD16_eabi.lib : boot.obj (.text)
                  00001830    00000054                                   : exit.obj (.text)
                  00001884    00000054     tasks.obj (.text:xTaskCheckForTimeOut)
                  000018d8    00000050     Task_Flash.obj (.text:Flash_Task_Ini)
                  00001928    00000050     Serial_Task.obj (.text:Serial_Task_Ini)
                  00001978    0000004c     tasks.obj (.text:prvAddCurrentTaskToDelayedList)
                  000019c4    0000004c     rtsv7M4_T_le_v4SPD16_eabi.lib : cpy_tbl.obj (.text)
                  00001a10    0000004c     queue.obj (.text:xQueueCreateMutex)
                  00001a5c    00000048     uartstdio.obj (.text:UARTwrite)
                  00001aa4    00000044     Task_Temperatura.obj (.text:Temp_Task_Ini)
                  00001ae8    00000044     heap_2.obj (.text:vPortFree)
                  00001b2c    00000040     rtsv7M4_T_le_v4SPD16_eabi.lib : u_divt2.obj (.text)
                  00001b6c    00000040     port.obj (.text:xPortStartScheduler)
                  00001bac    0000003c     queue.obj (.text:xQueueGenericCreate)
                  00001be8    0000003a     tasks.obj (.text:prvAllocateTCBAndStack)
                  00001c22    00000038     list.obj (.text:vListInsert)
                  00001c5a    00000002     rtsv7M4_T_le_v4SPD16_eabi.lib : startup.obj (.text)
                  00001c5c    00000030     heap_2.obj (.text:prvHeapInit)
                  00001c8c    0000002c     port.obj (.text:xPortSysTickHandler)
                  00001cb8    00000028     tasks.obj (.text:prvResetNextTaskUnblockTime)
                  00001ce0    00000028     port.obj (.text:pxPortInitialiseStack)
                  00001d08    00000026     queue.obj (.text:prvCopyDataFromQueue)
                  00001d2e    00000020     list.obj (.text:uxListRemove)
                  00001d4e    0000001c     queue.obj (.text:prvIsQueueFull)
                  00001d6a    00000002     main.obj (.text:vApplicationStackOverflowHook)
                  00001d6c    0000001c     port.obj (.text:vPortEnterCritical)
                  00001d88    0000001a     uartstdio.obj (.text:UARTprintf)
                  00001da2    0000001a     queue.obj (.text:prvIsQueueEmpty)
                  00001dbc    00000018     tasks.obj (.text:pvTaskIncrementMutexHeldCount)
                  00001dd4    00000018     rtsv7M4_T_le_v4SPD16_eabi.lib : args_main.obj (.text)
                  00001dec    00000018     list.obj (.text:vListInsertEnd)
                  00001e04    00000018     port.obj (.text:vPortExitCritical)
                  00001e1c    00000018     tasks.obj (.text:vTaskSetTimeOutState)
                  00001e34    00000016     list.obj (.text:vListInitialise)
                  00001e4a    00000002     --HOLE-- [fill = 0]
                  00001e4c    00000014     rtsv7M4_T_le_v4SPD16_eabi.lib : _lock.obj (.text)
                  00001e60    00000014     port.obj (.text:vPortSetupTimerInterrupt)
                  00001e74    00000012     tasks.obj (.text:prvDeleteTCB)
                  00001e86    00000010     port.obj (.text:prvTaskExitError)
                  00001e96    00000002     --HOLE-- [fill = 0]
                  00001e98    00000010     tasks.obj (.text:vTaskSuspendAll)
                  00001ea8    0000000e     rtsv7M4_T_le_v4SPD16_eabi.lib : copy_decompress_none.obj (.text:decompress:none)
                  00001eb6    0000000c                                   : copy_zero_init.obj (.text:decompress:ZI)
                  00001ec2    00000002     --HOLE-- [fill = 0]
                  00001ec4    0000000c     tasks.obj (.text:vTaskMissedYield)
                  00001ed0    0000000c     tasks.obj (.text:xTaskGetTickCount)
                  00001edc    00000008     tasks.obj (.text:prvIdleTask)
                  00001ee4    00000006     tm4c123gh6pm_startup_ccs.obj (.text:ResetISR)
                  00001eea    00000006     driverlib.lib : uart.obj (.text:UARTClockSourceSet)
                  00001ef0    00000006     list.obj (.text:vListInitialiseItem)
                  00001ef6    00000004     rtsv7M4_T_le_v4SPD16_eabi.lib : pre_init.obj (.text)

.const     0    00001efc    0000001c     
                  00001efc    0000000c     uartstdio.obj (.const:g_ui32UARTBase)
                  00001f08    0000000c     uartstdio.obj (.const:g_ui32UARTPeriph)
                  00001f14    00000004     port.obj (.const)

.cinit     0    00001f18    00000040     
                  00001f18    00000019     (.cinit..data.load) [load image, compression = lzss]
                  00001f31    00000003     --HOLE-- [fill = 0]
                  00001f34    0000000c     (__TI_handler_table)
                  00001f40    00000008     (.cinit..bss.load) [load image, compression = zero_init]
                  00001f48    00000010     (__TI_cinit_table)

.init_array 
*          0    00000000    00000000     UNINITIALIZED

.bss       0    20000000    000076f8     UNINITIALIZED
                  20000000    00007530     heap_2.obj (.bss:ucHeap)
                  20007530    00000140     tasks.obj (.bss:pxReadyTasksLists)
                  20007670    00000014     tasks.obj (.bss:xDelayedTaskList1)
                  20007684    00000014     tasks.obj (.bss:xDelayedTaskList2)
                  20007698    00000014     tasks.obj (.bss:xPendingReadyList)
                  200076ac    00000014     tasks.obj (.bss:xSuspendedTaskList)
                  200076c0    00000014     tasks.obj (.bss:xTasksWaitingTermination)
                  200076d4    00000008     tasks.obj (.bss)
                  200076dc    00000008     heap_2.obj (.bss:xEnd)
                  200076e4    00000008     heap_2.obj (.bss:xStart)
                  200076ec    00000004     (.common:g_pUARTSemaphore)
                  200076f0    00000004     (.common:man_queue_flash)
                  200076f4    00000004     (.common:man_queue_serial)

.stack     0    200076f8    00000200     UNINITIALIZED
                  200076f8    00000200     --HOLE--

.data      0    200078f8    0000005c     UNINITIALIZED
                  200078f8    00000030     tasks.obj (.data)
                  20007928    0000000c     rtsv7M4_T_le_v4SPD16_eabi.lib : exit.obj (.data:$O1$$)
                  20007934    00000008                                   : _lock.obj (.data:$O1$$)
                  2000793c    00000008     heap_2.obj (.data)
                  20007944    00000005     uartstdio.obj (.data)
                  20007949    00000003     --HOLE--
                  2000794c    00000004     port.obj (.data)
                  20007950    00000004     rtsv7M4_T_le_v4SPD16_eabi.lib : stkdepth_vars.obj (.data)

MODULE SUMMARY

       Module                         code   ro data   rw data
       ------                         ----   -------   -------
    .\
       Task_Temperatura.obj           664    0         0      
       tm4c123gh6pm_startup_ccs.obj   12     620       0      
       Serial_Task.obj                420    0         4      
       Task_Flash.obj                 224    0         4      
       main.obj                       210    0         4      
    +--+------------------------------+------+---------+---------+
       Total:                         1530   620       12     
                                                              
    .\third_party\FreeRTOS\Source\
       tasks.obj                      2244   0         476    
       queue.obj                      1084   0         0      
       list.obj                       140    0         0      
    +--+------------------------------+------+---------+---------+
       Total:                         3468   0         476    
                                                              
    .\third_party\FreeRTOS\Source\portable\CCS\ARM_CM4F\
       port.obj                       236    4         4      
       portasm.obj                    210    0         0      
    +--+------------------------------+------+---------+---------+
       Total:                         446    4         4      
                                                              
    .\third_party\FreeRTOS\Source\portable\MemMang\
       heap_2.obj                     288    0         30024  
    +--+------------------------------+------+---------+---------+
       Total:                         288    0         30024  
                                                              
    .\utils\
       uartstdio.obj                  684    24        5      
    +--+------------------------------+------+---------+---------+
       Total:                         684    24        5      
                                                              
    C:/driverlib/ccs/Debug/driverlib.lib
       uart.obj                       6      0         0      
    +--+------------------------------+------+---------+---------+
       Total:                         6      0         0      
                                                              
    C:\ti\ccsv7\tools\compiler\ti-cgt-arm_16.9.4.LTS\lib\rtsv7M4_T_le_v4SPD16_eabi.lib
       memcpy_t2.obj                  156    0         0      
       memset_t2.obj                  122    0         0      
       autoinit.obj                   112    0         0      
       copy_decompress_lzss.obj       104    0         0      
       exit.obj                       84     0         12     
       boot.obj                       84     0         0      
       cpy_tbl.obj                    76     0         0      
       u_divt2.obj                    64     0         0      
       _lock.obj                      20     0         8      
       args_main.obj                  24     0         0      
       copy_decompress_none.obj       14     0         0      
       copy_zero_init.obj             12     0         0      
       pre_init.obj                   4      0         0      
       stkdepth_vars.obj              0      0         4      
       i_div0.obj                     2      0         0      
       mpu_init.obj                   2      0         0      
       startup.obj                    2      0         0      
    +--+------------------------------+------+---------+---------+
       Total:                         882    0         24     
                                                              
       Stack:                         0      0         512    
       Linker Generated:              0      61        0      
    +--+------------------------------+------+---------+---------+
       Grand Total:                   7304   709       31057  


LINKER GENERATED COPY TABLES

__TI_cinit_table @ 00001f48 records: 2, size/record: 8, table size: 16
	.data: load addr=00001f18, load size=00000019 bytes, run addr=200078f8, run size=0000005c bytes, compression=lzss
	.bss: load addr=00001f40, load size=00000008 bytes, run addr=20000000, run size=000076f8 bytes, compression=zero_init


LINKER GENERATED HANDLER TABLE

__TI_handler_table @ 00001f34 records: 3, size/record: 4, table size: 12
	index: 0, handler: __TI_decompress_lzss
	index: 1, handler: __TI_decompress_none
	index: 2, handler: __TI_zero_init


GLOBAL SYMBOLS: SORTED ALPHABETICALLY BY Name 

address   name                           
-------   ----                           
00001831  C$$EXIT                        
000014e5  ConfigureUART                  
000018d9  Flash_Task_Ini                 
00001ee5  ResetISR                       
UNDEFED   SHT$$INIT_ARRAY$$Base          
UNDEFED   SHT$$INIT_ARRAY$$Limit         
00001929  Serial_Task_Ini                
00001aa5  Temp_Task_Ini                  
00001eeb  UARTClockSourceSet             
00001611  UARTStdioConfig                
00001d89  UARTprintf                     
000004c1  UARTvprintf                    
00001a5d  UARTwrite                      
200078f8  __STACK_END                    
00000200  __STACK_SIZE                   
200078f8  __STACK_TOP                    
00001f48  __TI_CINIT_Base                
00001f58  __TI_CINIT_Limit               
00001f34  __TI_Handler_Table_Base        
00001f40  __TI_Handler_Table_Limit       
000013a1  __TI_auto_init                 
20007928  __TI_cleanup_ptr               
0000147d  __TI_decompress_lzss           
00001ea9  __TI_decompress_none           
2000792c  __TI_dtors_ptr                 
20007930  __TI_enable_exit_profile_output
ffffffff  __TI_pprof_out_hndl            
ffffffff  __TI_prof_data_size            
ffffffff  __TI_prof_data_start           
00000000  __TI_static_base__             
00001eb7  __TI_zero_init                 
0000139f  __aeabi_idiv0                  
0000123d  __aeabi_memclr                 
0000123d  __aeabi_memclr4                
0000123d  __aeabi_memclr8                
00000e6d  __aeabi_memcpy                 
00000e6d  __aeabi_memcpy4                
00000e6d  __aeabi_memcpy8                
0000123f  __aeabi_memset                 
0000123f  __aeabi_memset4                
0000123f  __aeabi_memset8                
00001b2d  __aeabi_uidiv                  
00001b2d  __aeabi_uidivmod               
ffffffff  __binit__                      
ffffffff  __c_args__                     
0000160f  __mpu_init                     
200076f8  __stack                        
00001dd5  _args_main                     
000017dd  _c_int00                       
20007934  _lock                          
00001e5b  _nop                           
00001e53  _register_lock                 
00001e4d  _register_unlock               
00001c5b  _system_post_cinit             
00001ef7  _system_pre_init               
20007938  _unlock                        
00001835  abort                          
ffffffff  binit                          
000019c5  copy_in                        
0000183d  exit                           
200076ec  g_pUARTSemaphore               
00000000  g_pfnVectors                   
00001411  main                           
20007950  main_func_sp                   
200076f0  man_queue_flash                
200076f4  man_queue_serial               
00000e6d  memcpy                         
00001245  memset                         
00000dc1  pvPortMalloc                   
00001dbd  pvTaskIncrementMutexHeldCount  
200078f8  pxCurrentTCB                   
00001ce1  pxPortInitialiseStack          
00001f14  ulMaxSyscallInterruptPriority  
00000cfd  ulPortGetIPSR                  
00001d2f  uxListRemove                   
00001d6b  vApplicationStackOverflowHook  
00001e35  vListInitialise                
00001ef1  vListInitialiseItem            
00001c23  vListInsert                    
00001ded  vListInsertEnd                 
00000db1  vPortEnableVFP                 
00001d6d  vPortEnterCritical             
00001e05  vPortExitCritical              
00001ae9  vPortFree                      
00000d75  vPortSVCHandler                
00001e61  vPortSetupTimerInterrupt       
00000d95  vPortStartFirstTask            
000010b9  vTaskDelayUntil                
00001ec5  vTaskMissedYield               
00001549  vTaskPlaceOnEventList          
00000f09  vTaskPriorityInherit           
00001e1d  vTaskSetTimeOutState           
000016d1  vTaskStartScheduler            
00001e99  vTaskSuspendAll                
0000102d  vTaskSwitchContext             
00000d15  xPortPendSVHandler             
00001b6d  xPortStartScheduler            
00001c8d  xPortSysTickHandler            
00001a11  xQueueCreateMutex              
00001bad  xQueueGenericCreate            
00000801  xQueueGenericReceive           
0000113d  xQueueGenericReset             
00000b21  xQueueGenericSend              
00001885  xTaskCheckForTimeOut           
00000919  xTaskGenericCreate             
00001ed1  xTaskGetTickCount              
00000a1d  xTaskIncrementTick             
000011c1  xTaskPriorityDisinherit        
000012b9  xTaskRemoveFromEventList       
00000c09  xTaskResumeAll                 


GLOBAL SYMBOLS: SORTED BY Symbol Address 

address   name                           
-------   ----                           
00000000  __TI_static_base__             
00000000  g_pfnVectors                   
00000200  __STACK_SIZE                   
000004c1  UARTvprintf                    
00000801  xQueueGenericReceive           
00000919  xTaskGenericCreate             
00000a1d  xTaskIncrementTick             
00000b21  xQueueGenericSend              
00000c09  xTaskResumeAll                 
00000cfd  ulPortGetIPSR                  
00000d15  xPortPendSVHandler             
00000d75  vPortSVCHandler                
00000d95  vPortStartFirstTask            
00000db1  vPortEnableVFP                 
00000dc1  pvPortMalloc                   
00000e6d  __aeabi_memcpy                 
00000e6d  __aeabi_memcpy4                
00000e6d  __aeabi_memcpy8                
00000e6d  memcpy                         
00000f09  vTaskPriorityInherit           
0000102d  vTaskSwitchContext             
000010b9  vTaskDelayUntil                
0000113d  xQueueGenericReset             
000011c1  xTaskPriorityDisinherit        
0000123d  __aeabi_memclr                 
0000123d  __aeabi_memclr4                
0000123d  __aeabi_memclr8                
0000123f  __aeabi_memset                 
0000123f  __aeabi_memset4                
0000123f  __aeabi_memset8                
00001245  memset                         
000012b9  xTaskRemoveFromEventList       
0000139f  __aeabi_idiv0                  
000013a1  __TI_auto_init                 
00001411  main                           
0000147d  __TI_decompress_lzss           
000014e5  ConfigureUART                  
00001549  vTaskPlaceOnEventList          
0000160f  __mpu_init                     
00001611  UARTStdioConfig                
000016d1  vTaskStartScheduler            
000017dd  _c_int00                       
00001831  C$$EXIT                        
00001835  abort                          
0000183d  exit                           
00001885  xTaskCheckForTimeOut           
000018d9  Flash_Task_Ini                 
00001929  Serial_Task_Ini                
000019c5  copy_in                        
00001a11  xQueueCreateMutex              
00001a5d  UARTwrite                      
00001aa5  Temp_Task_Ini                  
00001ae9  vPortFree                      
00001b2d  __aeabi_uidiv                  
00001b2d  __aeabi_uidivmod               
00001b6d  xPortStartScheduler            
00001bad  xQueueGenericCreate            
00001c23  vListInsert                    
00001c5b  _system_post_cinit             
00001c8d  xPortSysTickHandler            
00001ce1  pxPortInitialiseStack          
00001d2f  uxListRemove                   
00001d6b  vApplicationStackOverflowHook  
00001d6d  vPortEnterCritical             
00001d89  UARTprintf                     
00001dbd  pvTaskIncrementMutexHeldCount  
00001dd5  _args_main                     
00001ded  vListInsertEnd                 
00001e05  vPortExitCritical              
00001e1d  vTaskSetTimeOutState           
00001e35  vListInitialise                
00001e4d  _register_unlock               
00001e53  _register_lock                 
00001e5b  _nop                           
00001e61  vPortSetupTimerInterrupt       
00001e99  vTaskSuspendAll                
00001ea9  __TI_decompress_none           
00001eb7  __TI_zero_init                 
00001ec5  vTaskMissedYield               
00001ed1  xTaskGetTickCount              
00001ee5  ResetISR                       
00001eeb  UARTClockSourceSet             
00001ef1  vListInitialiseItem            
00001ef7  _system_pre_init               
00001f14  ulMaxSyscallInterruptPriority  
00001f34  __TI_Handler_Table_Base        
00001f40  __TI_Handler_Table_Limit       
00001f48  __TI_CINIT_Base                
00001f58  __TI_CINIT_Limit               
200076ec  g_pUARTSemaphore               
200076f0  man_queue_flash                
200076f4  man_queue_serial               
200076f8  __stack                        
200078f8  __STACK_END                    
200078f8  __STACK_TOP                    
200078f8  pxCurrentTCB                   
20007928  __TI_cleanup_ptr               
2000792c  __TI_dtors_ptr                 
20007930  __TI_enable_exit_profile_output
20007934  _lock                          
20007938  _unlock                        
20007950  main_func_sp                   
ffffffff  __TI_pprof_out_hndl            
ffffffff  __TI_prof_data_size            
ffffffff  __TI_prof_data_start           
ffffffff  __binit__                      
ffffffff  __c_args__                     
ffffffff  binit                          
UNDEFED   SHT$$INIT_ARRAY$$Base          
UNDEFED   SHT$$INIT_ARRAY$$Limit         

[110 symbols]
